
> swarnandrian-frontend@2.0.0 build
> react-scripts build

Creating an optimized production build...
Compiled successfully.

File sizes after gzip:

  184.12 kB  build\static\js\main.6a6f52fb.js
  96.93 kB   build\static\js\928.dc29d71d.chunk.js
  40.41 kB   build\static\js\781.35c79064.chunk.js
  18.24 kB   build\static\js\7.e47165ba.chunk.js
  15.15 kB   build\static\css\main.18663d30.css
  10.8 kB    build\static\js\732.f4fd9ce4.chunk.js
  8.45 kB    build\static\js\835.fe62ff9d.chunk.js
  8.21 kB    build\static\js\710.fc26d581.chunk.js
  7.24 kB    build\static\js\34.47c351b1.chunk.js
  7.12 kB    build\static\js\351.43ef92a6.chunk.js
  6.86 kB    build\static\js\296.222a83d6.chunk.js
  6.35 kB    build\static\js\824.1e4720d2.chunk.js
  6.22 kB    build\static\js\10.4e1be4c0.chunk.js
  6.07 kB    build\static\js\176.a3a7136c.chunk.js
  6.02 kB    build\static\js\247.3e51041a.chunk.js
  5.79 kB    build\static\js\255.8ece3f59.chunk.js
  5 kB       build\static\js\698.e391ddb2.chunk.js
  4.75 kB    build\static\js\47.4a1105fc.chunk.js
  4.71 kB    build\static\js\833.c044d442.chunk.js
  4.41 kB    build\static\js\909.d2bb5cf1.chunk.js
  4.31 kB    build\static\js\181.cc83e4d1.chunk.js
  4.13 kB    build\static\js\31.f21b0d3a.chunk.js
  4.05 kB    build\static\js\713.04560918.chunk.js
  3.98 kB    build\static\js\132.e9168cac.chunk.js
  3.22 kB    build\static\js\644.389e5c08.chunk.js
  3.08 kB    build\static\js\76.ff9c93ad.chunk.js
  2.45 kB    build\static\js\44.8a1d819a.chunk.js
  2.39 kB    build\static\js\449.417a3f89.chunk.js
  2.38 kB    build\static\js\98.82fcdf93.chunk.js
  2.01 kB    build\static\js\912.ec8d081a.chunk.js
  1.99 kB    build\static\js\346.2cd47c5d.chunk.js
  1.97 kB    build\static\js\163.44fa27d9.chunk.js
  1.96 kB    build\static\js\465.c2e3dec8.chunk.js
  268 B      build\static\js\884.f51566e3.chunk.js

The project was built assuming it is hosted at /.
You can control this with the homepage field in your package.json.

The build folder is ready to be deployed.
You may serve it with a static server:

  npm install -g serve
  serve -s build

Find out more about deployment here:

  https://cra.link/deployment

